// Jest Snapshot v1, https://goo.gl/fbAQLP

exports[`DialogModal should render a default component 1`] = `
<div
  className="dialog-modal"
>
  default
</div>
`;
